package generated

import (
	context "context"
	service "example.com/interfacify-differentpkg/service"
)

// PrefixRunnerSuffix is an interface matching example.com/interfacify-differentpkg/service.Runner
//
// Runner runs tasks.
type PrefixRunnerSuffix interface {
	// Run handles a task.
	Run(context.Context, string) error
	// GetNested returns a nested struct from the current package
	GetNested() service.RunnerNested
}
